output:
  - platform: libretiny_pwm
    id: output_led_1
    pin:
      number: P9
      inverted: true

light:
  - platform: monochromatic
    id: light_switch_1
    output: output_led_1

binary_sensor:
  - platform: gpio
    id: binary_switch_1
    pin:
      number: P17
      inverted: true
      mode: INPUT_PULLUP
    on_press:
      then:
        - switch.toggle: switch_1

switch:
  - platform: hbridge
    id: switch_1
    name: Relay 1
    on_pin: P24
    off_pin: P26
    pulse_length: 60ms
    wait_time: 30ms
    on_turn_on:
      - light.turn_on: light_switch_1
    on_turn_off:
      - light.turn_off: light_switch_1

status_led:
  pin:
    number: P15
    inverted: true

uart:
  id: uart_bus
  tx_pin: TX1
  rx_pin: RX1
  baud_rate: 4800
  stop_bits: 1

sensor:
  - platform: bl0942
    uart_id: uart_bus
    current:
      name: BL0942 Current
    voltage:
      name: BL0942 Voltage
    power:
      name: BL0942 Power
      filters:
        multiply: -1
    energy:
      name: BL0942 Energy
    frequency:
      name: BL0942 Frequency
      accuracy_decimals: 2
