output:
  - platform: libretiny_pwm
    id: output_red
    pin: P6
  - platform: libretiny_pwm
    id: output_green
    pin: P7
  - platform: libretiny_pwm
    id: output_blue
    pin: P24
  - platform: libretiny_pwm
    id: output_cold
    pin: P26

light:
  - platform: rgbw
    id: light_rgbw
    name: Light
    red: output_red
    green: output_green
    blue: output_blue
    white: output_cold
